correctly terminated not is members set of List
correctly terminated not is members set of List
correctly terminated not is members set of List
correctly terminated not is members set of List
correctly terminated not is members set of List
correctly terminated not is members set of List
correctly terminated not is members set of List
correctly terminated not is members set of List
correctly terminated not is members set of List
correctly terminated not is members set of List
correctly terminated not is members set of List
correctly terminated not is members set of List
correctly terminated not is members set of List
correctly terminated not is members set of List
correctly terminated not is members set of List
correctly terminated not is members set of List
correctly terminated not is members set of List
correctly terminated not is members set of List
correctly terminated not is members set of List
correctly terminated not is members set of List
correctly terminated not is members set of List
correctly terminated not is members set of List
correctly terminated not is members set of List
correctly terminated not is members set of List
correctly terminated not is members set of List
correctly terminated not is members set of List
correctly terminated not is members set of List
correctly terminated not is members set of List
